2025-10-06 07:27:40,614 - INFO - Key generated: salt=101c01038eba1bc5ab98d448f9ed21ee, key_length=16
2025-10-06 07:27:42,692 - INFO - Key generated: salt=a520c16318055c17309df8a439797fbf, key_length=16
2025-10-06 07:27:44,787 - INFO - Key generated: salt=75a2970af8c6911d4d73144ef96c0c5b, key_length=16
2025-10-06 07:27:46,942 - INFO - Key generated: salt=18a91e8177e531c3e39916fdb68f1b58, key_length=16
2025-10-06 07:27:49,033 - INFO - Key generated: salt=8f44d5442c17c73b65fffffa8c025d0f, key_length=16
2025-10-06 07:27:51,136 - INFO - Key generated: salt=0443e6d86bc05d2e15c446fb1ad807d0, key_length=16
2025-10-06 07:27:53,249 - INFO - Key generated: salt=7da1f90c8e9e05c28f18c3b63b4f9b58, key_length=16
2025-10-06 08:45:15,480 - INFO - Operation: ENCRYPT, Algorithm: aes, Mode: ecb, Key: 0001020304050607..., Input: plaintext.txt, Output: ciphertext.bin
2025-10-06 08:45:15,483 - INFO - Encryption completed: 354 -> 368 bytes
2025-10-06 08:45:41,061 - INFO - Operation: DECRYPT, Algorithm: aes, Mode: ecb, Key: 0001020304050607..., Input: ciphertext.bin, Output: decrypted.txt
2025-10-06 08:45:41,062 - INFO - Decryption completed: 368 -> 354 bytes
2025-10-06 09:27:22,739 - INFO - Operation: ENCRYPT, Algorithm: aes, Mode: ecb, Key: 0001020304050607..., Input: plaintext.txt, Output: ciphertext.bin
2025-10-06 09:27:22,742 - INFO - Encryption completed: 354 -> 368 bytes
2025-10-06 20:22:09,572 - INFO - Processing encryption (cbc): document.pdf -> document.pdf.cbc.enc (size: 3360938 bytes)
2025-10-06 20:22:10,419 - INFO - Encryption: 3360938 -> 3360944 bytes (mode: cbc, iv: a32e5e5b1a719a4797d33a7f4ff1bccf)
2025-10-06 20:22:10,420 - INFO - Encryption completed: 31.75 Mbps, 0.85 seconds
2025-10-06 20:22:22,321 - INFO - Processing decryption (cbc): document.pdf.cbc.enc -> document_decrypted.pdf (size: 3360960 bytes)
2025-10-06 20:22:23,000 - INFO - Decryption: 3360944 -> 3360938 bytes (mode: cbc, iv: a32e5e5b1a719a4797d33a7f4ff1bccf)
2025-10-06 20:22:23,000 - INFO - Decryption completed: 39.59 Mbps, 0.68 seconds
2025-10-06 20:22:53,144 - INFO - Processing decryption (cbc): document.pdf.cbc.enc -> document_decrypted.pdf (size: 3360960 bytes)
2025-10-06 20:22:53,864 - INFO - Decryption: 3360960 -> 3360954 bytes (mode: cbc, iv: aabbccddeeff00112233445566778899)
2025-10-06 20:22:53,865 - INFO - Decryption completed: 37.35 Mbps, 0.72 seconds
2025-10-06 20:33:56,678 - INFO - Processing encryption (ecb): test_original.txt -> test_encrypted.bin (size: 80 bytes)
2025-10-06 20:33:56,682 - INFO - Encryption: 80 -> 96 bytes (mode: ecb, iv: N/A)
2025-10-06 20:33:56,682 - INFO - Encryption completed: 0.20 Mbps, 0.00 seconds
2025-10-06 20:39:15,307 - INFO - Processing encryption (ctr): archive.zip -> archive.zip.ctr.enc (size: 1750027 bytes)
2025-10-06 20:39:15,763 - INFO - Encryption: 1750027 -> 1750027 bytes (mode: ctr, iv: ce6c55194055482d10388e99a199c1fc)
2025-10-06 20:39:15,764 - INFO - Encryption completed: 30.69 Mbps, 0.46 seconds
2025-10-06 20:40:45,745 - INFO - Processing decryption (cbc): document.pdf.cbc.enc -> document_decrypted.pdf (size: 3360960 bytes)
2025-10-06 20:40:46,455 - INFO - Decryption: 3360960 -> 3360954 bytes (mode: cbc, iv: aabbccddeeff00112233445566778899)
2025-10-06 20:40:46,455 - INFO - Decryption completed: 37.84 Mbps, 0.71 seconds
2025-10-06 20:42:06,370 - INFO - Processing decryption (ctr): archive.zip.ctr.enc -> archive_restored.zip (size: 1750043 bytes)
2025-10-06 20:42:06,817 - INFO - Decryption: 1750027 -> 1750027 bytes (mode: ctr, iv: ce6c55194055482d10388e99a199c1fc)
2025-10-06 20:42:06,817 - INFO - Decryption completed: 31.32 Mbps, 0.45 seconds
2025-10-06 20:42:50,964 - INFO - Processing decryption (ctr): archive.zip.ctr.enc -> archive_restored.zip (size: 1750043 bytes)
2025-10-06 20:42:51,388 - INFO - Decryption: 1750027 -> 1750027 bytes (mode: ctr, iv: ce6c55194055482d10388e99a199c1fc)
2025-10-06 20:42:51,388 - INFO - Decryption completed: 32.99 Mbps, 0.42 seconds
2025-10-06 20:42:55,034 - INFO - Processing decryption (ctr): archive.zip.ctr.enc -> archive_restored.zip (size: 1750043 bytes)
2025-10-06 20:42:55,468 - INFO - Decryption: 1750027 -> 1750027 bytes (mode: ctr, iv: ce6c55194055482d10388e99a199c1fc)
2025-10-06 20:42:55,468 - INFO - Decryption completed: 32.27 Mbps, 0.43 seconds
2025-10-06 20:54:55,549 - INFO - Processing encryption (cbc): test_cbc_original.bin -> test_cbc_encrypted.bin (size: 102400 bytes)
2025-10-06 20:54:55,576 - INFO - Encryption: 102400 -> 102416 bytes (mode: cbc, iv: a1568beadb18fa9acbbf96858933027b)
2025-10-06 20:54:55,576 - INFO - Encryption completed: 29.53 Mbps, 0.03 seconds
2025-10-06 20:56:17,604 - INFO - Processing encryption (cbc): test_cbc_original.bin -> test_cbc_encrypted.bin (size: 102400 bytes)
2025-10-06 20:56:17,627 - INFO - Encryption: 102400 -> 102416 bytes (mode: cbc, iv: 5afb17937b0551d96284ef4aad75cf73)
2025-10-06 20:56:17,627 - INFO - Encryption completed: 35.66 Mbps, 0.02 seconds
2025-10-06 20:56:19,459 - INFO - Processing decryption (cbc): test_cbc_encrypted.bin -> test_cbc_decrypted.bin (size: 102432 bytes)
2025-10-06 20:56:19,481 - INFO - Decryption: 102416 -> 102400 bytes (mode: cbc, iv: 5afb17937b0551d96284ef4aad75cf73)
2025-10-06 20:56:19,481 - INFO - Decryption completed: 37.13 Mbps, 0.02 seconds
2025-10-06 20:56:49,558 - INFO - Processing encryption (cbc): test_cbc_original.bin -> test_cbc_encrypted.bin (size: 102400 bytes)
2025-10-06 20:56:49,581 - INFO - Encryption: 102400 -> 102416 bytes (mode: cbc, iv: 15ae4966d1c540f93e2f40b823c8d78a)
2025-10-06 20:56:49,581 - INFO - Encryption completed: 36.76 Mbps, 0.02 seconds
2025-10-06 21:00:02,250 - INFO - Processing encryption (ctr): archive.zip -> archive.zip.ctr.enc (size: 1750027 bytes)
2025-10-06 21:00:02,692 - INFO - Encryption: 1750027 -> 1750027 bytes (mode: ctr, iv: 7aea9d244a6b358e989f9f392298371b)
2025-10-06 21:00:02,692 - INFO - Encryption completed: 31.71 Mbps, 0.44 seconds
2025-10-06 21:00:06,641 - INFO - Processing encryption (ctr): archive.zip -> archive.zip.ctr.enc (size: 1750027 bytes)
2025-10-06 21:00:07,074 - INFO - Encryption: 1750027 -> 1750027 bytes (mode: ctr, iv: 62b1464a84d1698ebcd6dcf6b3704ba0)
2025-10-06 21:00:07,074 - INFO - Encryption completed: 32.28 Mbps, 0.43 seconds
2025-10-06 21:00:09,910 - INFO - Processing decryption (ctr): archive.zip.ctr.enc -> archive_restored.zip (size: 1750043 bytes)
2025-10-06 21:00:10,342 - INFO - Decryption: 1750027 -> 1750027 bytes (mode: ctr, iv: 62b1464a84d1698ebcd6dcf6b3704ba0)
2025-10-06 21:00:10,342 - INFO - Decryption completed: 32.43 Mbps, 0.43 seconds
2025-10-06 21:24:47,119 - INFO - Processing encryption (cbc): plaintext.bin -> cryptocore_cipher.bin (size: 10485760 bytes)
2025-10-06 21:24:49,227 - INFO - Encryption: 10485760 -> 10485776 bytes (mode: cbc, iv: d61fd769a6e9b96b55849f71e9c2c0e0)
2025-10-06 21:24:49,228 - INFO - Encryption completed: 39.78 Mbps, 2.11 seconds
2025-10-06 21:25:42,118 - INFO - Processing encryption (cbc): plaintext.bin -> cryptocore_cipher.bin (size: 10485760 bytes)
2025-10-06 21:25:44,294 - INFO - Encryption: 10485760 -> 10485776 bytes (mode: cbc, iv: ed3f08c58f7444647320c7c3c254db47)
2025-10-06 21:25:44,296 - INFO - Encryption completed: 38.53 Mbps, 2.18 seconds
2025-10-06 21:38:39,698 - INFO - Processing encryption (cbc): plaintext.bin -> cryptocore_cipher.bin (size: 10485760 bytes)
2025-10-06 21:38:41,907 - INFO - Encryption: 10485760 -> 10485776 bytes (mode: cbc, iv: d0b772dcdebbf88d74b2ea46db4e6dd6)
2025-10-06 21:38:41,908 - INFO - Encryption completed: 37.95 Mbps, 2.21 seconds
2025-10-06 21:42:52,014 - INFO - Processing encryption (cbc): plaintext.bin -> cryptocore_cipher.bin (size: 10485760 bytes)
2025-10-06 21:42:54,427 - INFO - Encryption: 10485760 -> 10485776 bytes (mode: cbc, iv: 09028dc9bdba90d1f3b135241653dbc7)
2025-10-06 21:42:54,428 - INFO - Encryption completed: 34.76 Mbps, 2.41 seconds
2025-10-06 21:51:52,958 - INFO - Processing encryption (cbc): plaintext.bin -> cryptocore_cipher.bin (size: 10485760 bytes)
2025-10-06 21:51:55,175 - INFO - Encryption: 10485760 -> 10485776 bytes (mode: cbc, iv: 7399ccd47ca2aed0105c60fc2463b56b)
2025-10-06 21:51:55,176 - INFO - Encryption completed: 37.82 Mbps, 2.22 seconds
2025-10-06 21:56:00,032 - INFO - Processing encryption (cbc): plaintext.bin -> cryptocore_cipher.bin (size: 10485760 bytes)
2025-10-06 21:56:02,159 - INFO - Encryption: 10485760 -> 10485776 bytes (mode: cbc, iv: 58f6d1ec3db42efd48b700cd23183f53)
2025-10-06 21:56:02,160 - INFO - Encryption completed: 39.41 Mbps, 2.13 seconds
2025-10-06 21:57:29,994 - INFO - Processing encryption (cbc): plaintext.bin -> cryptocore_cipher.bin (size: 10485760 bytes)
2025-10-06 21:57:32,123 - INFO - Encryption: 10485760 -> 10485776 bytes (mode: cbc, iv: f0e2942dc457e0b3103198c905a2addb)
2025-10-06 21:57:32,124 - INFO - Encryption completed: 39.39 Mbps, 2.13 seconds
2025-10-06 22:01:31,700 - INFO - Processing encryption (cbc): plaintext.bin -> cryptocore_cipher.bin (size: 10485760 bytes)
2025-10-06 22:01:33,830 - INFO - Encryption: 10485760 -> 10485776 bytes (mode: cbc, iv: ab9c4cc37ae9f7971fc47c1fe871ac50)
2025-10-06 22:01:33,831 - INFO - Encryption completed: 39.37 Mbps, 2.13 seconds
2025-10-06 22:05:48,467 - INFO - Processing encryption (cbc): plaintext.bin -> cryptocore_cipher.bin (size: 10485760 bytes)
2025-10-06 22:05:50,655 - INFO - Encryption: 10485760 -> 10485776 bytes (mode: cbc, iv: d2997020ad95fa08886f367234f0d9dc)
2025-10-06 22:05:50,656 - INFO - Encryption completed: 38.33 Mbps, 2.19 seconds
2025-10-06 23:01:52,121 - INFO - Processing encryption (ctr): archive.zip -> archive.zip.ctr.enc (size: 1750027 bytes)
2025-10-06 23:01:52,650 - INFO - Encryption: 1750027 -> 1750027 bytes (mode: ctr, iv: ba7c8b3981259f3d14aa0b8099936693)
2025-10-06 23:01:52,651 - INFO - Encryption completed: 26.46 Mbps, 0.53 seconds
2025-10-06 23:01:55,557 - INFO - Processing decryption (ctr): archive.zip.ctr.enc -> archive_restored.zip (size: 1750043 bytes)
2025-10-06 23:01:56,197 - INFO - Decryption: 1750027 -> 1750027 bytes (mode: ctr, iv: ba7c8b3981259f3d14aa0b8099936693)
2025-10-06 23:01:56,197 - INFO - Decryption completed: 21.90 Mbps, 0.64 seconds
2025-10-06 23:04:10,380 - INFO - Processing encryption (ctr): archive.zip -> archive.zip.ctr.enc (size: 1750027 bytes)
2025-10-06 23:04:10,948 - INFO - Encryption: 1750027 -> 1750027 bytes (mode: ctr, iv: c50e9362e8f1d2e6d496eadec25b876e)
2025-10-06 23:04:10,949 - INFO - Encryption completed: 24.61 Mbps, 0.57 seconds
2025-10-06 23:04:15,265 - INFO - Processing decryption (ctr): archive.zip.ctr.enc -> archive_restored.zip (size: 1750043 bytes)
2025-10-06 23:04:15,884 - INFO - Decryption: 1750027 -> 1750027 bytes (mode: ctr, iv: c50e9362e8f1d2e6d496eadec25b876e)
2025-10-06 23:04:15,884 - INFO - Decryption completed: 22.63 Mbps, 0.62 seconds
2025-10-06 23:10:09,923 - INFO - Processing encryption (cbc): plaintext.bin -> cryptocore_cipher.bin (size: 10485760 bytes)
2025-10-06 23:10:12,040 - INFO - Encryption: 10485760 -> 10485776 bytes (mode: cbc, iv: 375f19c000c3745d0deefe17fd409617)
2025-10-06 23:10:12,043 - INFO - Encryption completed: 39.58 Mbps, 2.12 seconds
2025-10-06 23:14:01,184 - INFO - Processing encryption (cbc): plaintext.bin -> cryptocore_cipher.bin (size: 10485760 bytes)
2025-10-06 23:14:03,248 - INFO - Encryption: 10485760 -> 10485776 bytes (mode: cbc, iv: 2e5783767dacf41668a8485220a67f67)
2025-10-06 23:14:03,251 - INFO - Encryption completed: 40.60 Mbps, 2.07 seconds
2025-10-06 23:15:52,469 - INFO - Processing encryption (cbc): plaintext.bin -> cryptocore_cipher.bin (size: 10485760 bytes)
2025-10-06 23:15:54,447 - INFO - Encryption: 10485760 -> 10485776 bytes (mode: cbc, iv: 81f6d17eb586eb6f9cf9b25e8af752d7)
2025-10-06 23:15:54,450 - INFO - Encryption completed: 42.34 Mbps, 1.98 seconds
2025-10-06 23:20:14,962 - INFO - Processing encryption (cbc): test_openssl.txt -> cryptocore_cipher.bin (size: 46 bytes)
2025-10-06 23:20:14,968 - INFO - Encryption: 46 -> 48 bytes (mode: cbc, iv: e1e52e822c2efa6b0dfe1684c81fd62e)
2025-10-06 23:20:14,968 - INFO - Encryption completed: 0.06 Mbps, 0.01 seconds
2025-10-06 23:37:41,751 - INFO - Processing encryption (cbc): plaintext.bin -> cryptocore_cipher.bin (size: 10485760 bytes)
2025-10-06 23:37:43,742 - INFO - Encryption: 10485760 -> 10485776 bytes (mode: cbc, iv: 951ac89b9a534317963aba82269716ea)
2025-10-06 23:37:43,746 - INFO - Encryption completed: 42.06 Mbps, 1.99 seconds
2025-10-06 23:38:58,618 - INFO - Processing decryption (cbc): openssl_cipher.bin -> cryptocore_decrypted.bin (size: 10485776 bytes)
2025-10-06 23:39:00,421 - INFO - Decryption: 10485776 -> 10485760 bytes (mode: cbc, iv: 00112233445566778899aabbccddeeff)
2025-10-06 23:39:00,422 - INFO - Decryption completed: 46.51 Mbps, 1.80 seconds
2025-10-06 23:41:25,968 - INFO - Processing decryption (cbc): openssl_cipher.bin -> cryptocore_decrypted.bin (size: 10485776 bytes)
2025-10-06 23:41:28,007 - INFO - Decryption: 10485776 -> 10485760 bytes (mode: cbc, iv: 00112233445566778899aabbccddeeff)
2025-10-06 23:41:28,012 - INFO - Decryption completed: 41.05 Mbps, 2.04 seconds
2025-10-06 23:41:57,991 - INFO - Processing encryption (cbc): plaintext.bin -> cryptocore_cipher.bin (size: 10485760 bytes)
2025-10-06 23:41:59,855 - INFO - Encryption: 10485760 -> 10485776 bytes (mode: cbc, iv: d9f2ed41a46d3add14b8036b2ca41a98)
2025-10-06 23:41:59,856 - INFO - Encryption completed: 44.98 Mbps, 1.86 seconds
2025-10-26 18:47:47,441 - INFO - Processing encryption (cbc): document.pdf -> document.pdf.cbc.enc (size: 3360938 bytes)
2025-10-26 18:47:48,566 - INFO - Encryption: 3360938 -> 3360944 bytes (mode: cbc, iv: 00b073c17f8de6a5fb0906753d82ed9a)
2025-10-26 18:47:48,567 - INFO - Encryption completed: 23.89 Mbps, 1.13 seconds
2025-10-26 18:47:54,661 - INFO - Processing decryption (cbc): document.pdf.cbc.enc -> document_decrypted.pdf (size: 3360960 bytes)
2025-10-26 18:47:55,951 - INFO - Decryption: 3360944 -> 3360938 bytes (mode: cbc, iv: 00b073c17f8de6a5fb0906753d82ed9a)
2025-10-26 18:47:55,951 - INFO - Decryption completed: 20.86 Mbps, 1.29 seconds
2025-12-19 12:35:40,612 - root - INFO - ============================================================
2025-12-19 12:35:40,612 - root - INFO - CryptoCore System Started
2025-12-19 12:35:40,612 - root - INFO - Timestamp: 2025-12-19 12:35:40.612578
2025-12-19 12:35:40,612 - root - INFO - ============================================================
2025-12-19 12:35:40,612 - root - INFO - Key info: {'length': 16, 'hex': '30303030303030303030303030303030', 'algorithm': 'AES', 'key_size': 128, 'mode': 'CBC', 'iv_used': True, 'iv': 'ef1850058faf6ba743d05454a3b907c2'}
2025-12-19 12:35:40,612 - root - INFO - KEY GENERATION:
  length: 16
  hex: 30303030303030303030303030303030
  algorithm: AES
  key_size: 128
  mode: CBC
  iv_used: True
  iv: ef1850058faf6ba743d05454a3b907c2

2025-12-19 12:35:40,612 - root - INFO - CipherCore initialized: mode=cbc, key_size=128 bits
2025-12-19 12:35:40,612 - root - INFO - Starting encryption: mode=cbc, data_size=9 bytes, key=3030303030303030...
2025-12-19 12:35:40,613 - root - INFO - CBC encryption started, IV=ef1850058faf6ba743d05454a3b907c2
2025-12-19 12:35:40,613 - root - INFO - CBC encryption: IV=ef1850058faf6ba743d05454a3b907c2, padding=7 bytes
2025-12-19 12:35:40,613 - root - INFO - Encryption (cbc): 9 bytes processed in 0.00s (0.07 Mbps, 0.01 MB/s)
2025-12-19 12:35:40,614 - root - INFO - Encryption completed: 9 -> 32 bytes (overhead: 23 bytes)
2025-12-19 12:35:40,614 - root - INFO - Starting decryption: mode=cbc, data_size=32 bytes, key=3030303030303030...
2025-12-19 12:35:40,614 - root - INFO - CBC decryption started
2025-12-19 12:35:40,614 - root - INFO - CBC decryption: extracted IV=ef1850058faf6ba743d05454a3b907c2
2025-12-19 12:35:40,614 - root - INFO - CBC decryption: padding removed=7 bytes
2025-12-19 12:35:40,614 - root - INFO - Decryption (cbc): 32 bytes processed in 0.00s (0.81 Mbps, 0.10 MB/s)
2025-12-19 12:35:40,614 - root - INFO - Decryption completed: 32 -> 9 bytes
2025-12-19 12:35:58,655 - root - INFO - ============================================================
2025-12-19 12:35:58,655 - root - INFO - CryptoCore System Started
2025-12-19 12:35:58,655 - root - INFO - Timestamp: 2025-12-19 12:35:58.655611
2025-12-19 12:35:58,655 - root - INFO - ============================================================
2025-12-19 12:35:58,655 - root - INFO - CryptoCore CLI started
2025-12-19 12:35:58,658 - root - INFO - CLI arguments: {'algorithm': 'aes', 'mode': 'gcm', 'encrypt': True, 'decrypt': False, 'key': '00112233445566778899aabbccddeeff', 'input': 'test_input.txt', 'output': 'encrypted.gcm', 'aad': 'd090d183d182d0b5d0bdd182d0b8d184d0b8d0bad0b0d186d0b8d0bed0bdd0bdd18bd0b520d0b4d0b0d0bdd0bdd18bd0b50a', 'nonce': None, 'command': 'encrypt'}
2025-12-19 12:35:58,660 - root - INFO - CLI operation completed successfully
2025-12-19 12:35:58,775 - root - INFO - ============================================================
2025-12-19 12:35:58,775 - root - INFO - CryptoCore System Started
2025-12-19 12:35:58,775 - root - INFO - Timestamp: 2025-12-19 12:35:58.775584
2025-12-19 12:35:58,775 - root - INFO - ============================================================
2025-12-19 12:35:58,775 - root - INFO - CryptoCore CLI started
2025-12-19 12:35:58,779 - root - INFO - CLI arguments: {'algorithm': 'aes', 'mode': 'gcm', 'encrypt': False, 'decrypt': True, 'key': '00112233445566778899aabbccddeeff', 'input': 'encrypted.gcm', 'output': 'decrypted.txt', 'aad': 'd090d183d182d0b5d0bdd182d0b8d184d0b8d0bad0b0d186d0b8d0bed0bdd0bdd18bd0b520d0b4d0b0d0bdd0bdd18bd0b50a', 'nonce': None, 'command': 'encrypt'}
2025-12-19 12:35:58,781 - root - INFO - CLI operation completed successfully
2025-12-19 12:35:58,902 - root - INFO - ============================================================
2025-12-19 12:35:58,902 - root - INFO - CryptoCore System Started
2025-12-19 12:35:58,902 - root - INFO - Timestamp: 2025-12-19 12:35:58.902955
2025-12-19 12:35:58,903 - root - INFO - ============================================================
2025-12-19 12:35:58,903 - root - INFO - CryptoCore CLI started
2025-12-19 12:35:58,905 - root - INFO - CLI arguments: {'algorithm': 'aes', 'mode': 'gcm', 'encrypt': False, 'decrypt': True, 'key': '00112233445566778899aabbccddeeff', 'input': 'encrypted.gcm', 'output': 'should_fail.txt', 'aad': '00000000000000000000000000000000', 'nonce': None, 'command': 'encrypt'}
2025-12-19 12:35:58,906 - root - ERROR - CLI operation failed
2025-12-19 12:36:15,335 - root - INFO - ============================================================
2025-12-19 12:36:15,335 - root - INFO - CryptoCore System Started
2025-12-19 12:36:15,335 - root - INFO - Timestamp: 2025-12-19 12:36:15.335548
2025-12-19 12:36:15,335 - root - INFO - ============================================================
2025-12-19 12:36:15,335 - root - INFO - Key info: {'length': 16, 'hex': '38091249433b8dfd185c2f87d23f84c0', 'algorithm': 'AES', 'key_size': 128, 'mode': 'CTR', 'iv_used': True, 'iv': '9265de4cd1d37c62500d0a04c66f28ae'}
2025-12-19 12:36:15,335 - root - INFO - KEY GENERATION:
  length: 16
  hex: 38091249433b8dfd185c2f87d23f84c0
  algorithm: AES
  key_size: 128
  mode: CTR
  iv_used: True
  iv: 9265de4cd1d37c62500d0a04c66f28ae

2025-12-19 12:36:15,336 - root - INFO - CipherCore initialized: mode=ctr, key_size=128 bits
2025-12-19 12:36:15,336 - root - INFO - Starting encryption: mode=ctr, data_size=33 bytes, key=38091249433b8dfd...
2025-12-19 12:36:15,336 - root - INFO - CTR encryption started, nonce=9265de4cd1d37c62500d0a04c66f28ae
2025-12-19 12:36:15,338 - root - INFO - CTR encryption: nonce=9265de4cd1d37c62500d0a04c66f28ae
2025-12-19 12:36:15,338 - root - INFO - Encryption (ctr): 33 bytes processed in 0.00s (0.12 Mbps, 0.01 MB/s)
2025-12-19 12:36:15,338 - root - INFO - Encryption completed: 33 -> 49 bytes (overhead: 16 bytes)
2025-12-19 12:36:15,341 - root - INFO - Starting decryption: mode=ctr, data_size=49 bytes, key=38091249433b8dfd...
2025-12-19 12:36:15,341 - root - INFO - CTR decryption started
2025-12-19 12:36:15,341 - root - INFO - CTR decryption: extracted nonce=9265de4cd1d37c62500d0a04c66f28ae
2025-12-19 12:36:15,342 - root - INFO - CTR decryption completed
2025-12-19 12:36:15,342 - root - INFO - Decryption (ctr): 49 bytes processed in 0.00s (0.99 Mbps, 0.12 MB/s)
2025-12-19 12:36:15,342 - root - INFO - Decryption completed: 49 -> 33 bytes
2025-12-19 12:36:15,342 - root - INFO - Key info: {'length': 16, 'hex': '317f45afb0d2a318d91e8a56ac4537f8', 'algorithm': 'AES', 'key_size': 128, 'mode': 'CTR', 'iv_used': True, 'iv': 'f361c0cb47b4d03c3524a5ebfa4963be'}
2025-12-19 12:36:15,342 - root - INFO - KEY GENERATION:
  length: 16
  hex: 317f45afb0d2a318d91e8a56ac4537f8
  algorithm: AES
  key_size: 128
  mode: CTR
  iv_used: True
  iv: f361c0cb47b4d03c3524a5ebfa4963be

2025-12-19 12:36:15,342 - root - INFO - CipherCore initialized: mode=ctr, key_size=128 bits
2025-12-19 12:36:15,342 - root - INFO - Starting encryption: mode=ctr, data_size=34 bytes, key=317f45afb0d2a318...
2025-12-19 12:36:15,342 - root - INFO - CTR encryption started, nonce=f361c0cb47b4d03c3524a5ebfa4963be
2025-12-19 12:36:15,342 - root - INFO - CTR encryption: nonce=f361c0cb47b4d03c3524a5ebfa4963be
2025-12-19 12:36:15,343 - root - INFO - Encryption (ctr): 34 bytes processed in 0.00s (1.02 Mbps, 0.13 MB/s)
2025-12-19 12:36:15,343 - root - INFO - Encryption completed: 34 -> 50 bytes (overhead: 16 bytes)
2025-12-19 12:36:40,735 - root - INFO - ============================================================
2025-12-19 12:36:40,735 - root - INFO - CryptoCore System Started
2025-12-19 12:36:40,735 - root - INFO - Timestamp: 2025-12-19 12:36:40.735594
2025-12-19 12:36:40,735 - root - INFO - ============================================================
2025-12-19 12:36:40,735 - root - INFO - CryptoCore CLI started
2025-12-19 12:36:40,738 - root - INFO - CLI arguments: {'algorithm': 'aes', 'mode': 'gcm', 'encrypt': False, 'decrypt': True, 'key': '00112233445566778899aabbccddeeff', 'input': 'ciphertext.bin', 'output': 'decrypted.txt', 'aad': 'aabbccddeeff', 'nonce': None, 'command': 'encrypt'}
2025-12-19 12:36:40,739 - root - INFO - CLI operation completed successfully
2025-12-19 12:36:57,044 - root - INFO - ============================================================
2025-12-19 12:36:57,044 - root - INFO - CryptoCore System Started
2025-12-19 12:36:57,051 - root - INFO - Timestamp: 2025-12-19 12:36:57.051819
2025-12-19 12:36:57,051 - root - INFO - ============================================================
2025-12-19 12:36:57,052 - root - INFO - CryptoCore CLI started
2025-12-19 12:36:57,054 - root - INFO - CLI arguments: {'algorithm': 'aes', 'mode': 'gcm', 'encrypt': True, 'decrypt': False, 'key': '00112233445566778899aabbccddeeff', 'input': 'plaintext.txt', 'output': 'ciphertext.bin', 'aad': 'aabbccddeeff', 'nonce': None, 'command': 'encrypt'}
2025-12-19 12:36:57,056 - root - INFO - CLI operation completed successfully
2025-12-19 12:37:14,135 - root - INFO - ============================================================
2025-12-19 12:37:14,136 - root - INFO - CryptoCore System Started
2025-12-19 12:37:14,136 - root - INFO - Timestamp: 2025-12-19 12:37:14.136101
2025-12-19 12:37:14,136 - root - INFO - ============================================================
2025-12-19 12:37:14,136 - root - INFO - CryptoCore CLI started
2025-12-19 12:37:14,138 - root - INFO - CLI arguments: {'algorithm': 'sha256', 'mode': None, 'encrypt': False, 'decrypt': False, 'key': '746573745f6b65795f31323334353637383930616263646566', 'input': 'doc1.tmp', 'output': None, 'aad': None, 'nonce': None, 'command': 'dgst', 'hmac': True, 'verify': None}
2025-12-19 12:37:14,140 - root - INFO - CLI operation completed successfully
2025-12-19 12:37:14,255 - root - INFO - ============================================================
2025-12-19 12:37:14,255 - root - INFO - CryptoCore System Started
2025-12-19 12:37:14,255 - root - INFO - Timestamp: 2025-12-19 12:37:14.255806
2025-12-19 12:37:14,255 - root - INFO - ============================================================
2025-12-19 12:37:14,256 - root - INFO - CryptoCore CLI started
2025-12-19 12:37:14,260 - root - INFO - CLI arguments: {'algorithm': 'sha256', 'mode': None, 'encrypt': False, 'decrypt': False, 'key': '746573745f6b65795f31323334353637383930616263646566', 'input': 'doc2.tmp', 'output': None, 'aad': None, 'nonce': None, 'command': 'dgst', 'hmac': True, 'verify': None}
2025-12-19 12:37:14,263 - root - INFO - CLI operation completed successfully
2025-12-19 12:37:14,400 - root - INFO - ============================================================
2025-12-19 12:37:14,400 - root - INFO - CryptoCore System Started
2025-12-19 12:37:14,400 - root - INFO - Timestamp: 2025-12-19 12:37:14.400717
2025-12-19 12:37:14,400 - root - INFO - ============================================================
2025-12-19 12:37:14,400 - root - INFO - CryptoCore CLI started
2025-12-19 12:37:14,403 - root - INFO - CLI arguments: {'algorithm': 'sha256', 'mode': None, 'encrypt': False, 'decrypt': False, 'key': '746573745f6b65795f31323334353637383930616263646566', 'input': 'binary.tmp', 'output': None, 'aad': None, 'nonce': None, 'command': 'dgst', 'hmac': True, 'verify': None}
2025-12-19 12:37:14,409 - root - INFO - CLI operation completed successfully
2025-12-19 12:37:14,535 - root - INFO - ============================================================
2025-12-19 12:37:14,535 - root - INFO - CryptoCore System Started
2025-12-19 12:37:14,535 - root - INFO - Timestamp: 2025-12-19 12:37:14.535977
2025-12-19 12:37:14,536 - root - INFO - ============================================================
2025-12-19 12:37:14,536 - root - INFO - CryptoCore CLI started
2025-12-19 12:37:14,538 - root - INFO - CLI arguments: {'algorithm': 'sha256', 'mode': None, 'encrypt': False, 'decrypt': False, 'key': '746573745f6b65795f31323334353637383930616263646566', 'input': 'doc1.tmp', 'output': None, 'aad': None, 'nonce': None, 'command': 'dgst', 'hmac': True, 'verify': 'doc1.hmac'}
2025-12-19 12:37:14,540 - root - INFO - CLI operation completed successfully
2025-12-19 12:37:14,708 - root - INFO - ============================================================
2025-12-19 12:37:14,709 - root - INFO - CryptoCore System Started
2025-12-19 12:37:14,709 - root - INFO - Timestamp: 2025-12-19 12:37:14.709629
2025-12-19 12:37:14,710 - root - INFO - ============================================================
2025-12-19 12:37:14,710 - root - INFO - CryptoCore CLI started
2025-12-19 12:37:14,715 - root - INFO - CLI arguments: {'algorithm': 'sha256', 'mode': None, 'encrypt': False, 'decrypt': False, 'key': '746573745f6b65795f31323334353637383930616263646566', 'input': 'doc2.tmp', 'output': None, 'aad': None, 'nonce': None, 'command': 'dgst', 'hmac': True, 'verify': 'doc2.hmac'}
2025-12-19 12:37:14,718 - root - INFO - CLI operation completed successfully
2025-12-19 12:37:14,871 - root - INFO - ============================================================
2025-12-19 12:37:14,871 - root - INFO - CryptoCore System Started
2025-12-19 12:37:14,871 - root - INFO - Timestamp: 2025-12-19 12:37:14.871895
2025-12-19 12:37:14,871 - root - INFO - ============================================================
2025-12-19 12:37:14,872 - root - INFO - CryptoCore CLI started
2025-12-19 12:37:14,875 - root - INFO - CLI arguments: {'algorithm': 'sha256', 'mode': None, 'encrypt': False, 'decrypt': False, 'key': '746573745f6b65795f31323334353637383930616263646566', 'input': 'binary.tmp', 'output': None, 'aad': None, 'nonce': None, 'command': 'dgst', 'hmac': True, 'verify': 'binary.hmac'}
2025-12-19 12:37:14,882 - root - INFO - CLI operation completed successfully
2025-12-19 12:37:15,014 - root - INFO - ============================================================
2025-12-19 12:37:15,015 - root - INFO - CryptoCore System Started
2025-12-19 12:37:15,015 - root - INFO - Timestamp: 2025-12-19 12:37:15.015163
2025-12-19 12:37:15,015 - root - INFO - ============================================================
2025-12-19 12:37:15,015 - root - INFO - CryptoCore CLI started
2025-12-19 12:37:15,018 - root - INFO - CLI arguments: {'algorithm': 'sha256', 'mode': None, 'encrypt': False, 'decrypt': False, 'key': '746573745f6b65795f31323334353637383930616263646566', 'input': 'doc1.tmp', 'output': None, 'aad': None, 'nonce': None, 'command': 'dgst', 'hmac': True, 'verify': 'doc1.hmac'}
2025-12-19 12:37:15,020 - root - ERROR - CLI operation failed
2025-12-19 12:37:47,180 - root - INFO - ============================================================
2025-12-19 12:37:47,180 - root - INFO - CryptoCore System Started
2025-12-19 12:37:47,180 - root - INFO - Timestamp: 2025-12-19 12:37:47.180797
2025-12-19 12:37:47,180 - root - INFO - ============================================================
2025-12-19 12:37:47,180 - root - INFO - CryptoCore CLI started
2025-12-19 12:37:47,183 - root - INFO - CLI arguments: {'algorithm': 'sha256', 'mode': None, 'encrypt': False, 'decrypt': False, 'key': None, 'input': 'plaintext.txt', 'output': None, 'aad': None, 'nonce': None, 'command': 'dgst', 'hmac': False, 'verify': None}
2025-12-19 12:37:47,184 - root - INFO - CLI operation completed successfully
2025-12-19 12:38:11,413 - root - INFO - ============================================================
2025-12-19 12:38:11,413 - root - INFO - CryptoCore System Started
2025-12-19 12:38:11,413 - root - INFO - Timestamp: 2025-12-19 12:38:11.413397
2025-12-19 12:38:11,413 - root - INFO - ============================================================
2025-12-19 12:38:11,413 - root - INFO - CryptoCore CLI started
2025-12-19 12:38:11,416 - root - INFO - CLI arguments: {'algorithm': 'aes', 'mode': 'cbc', 'encrypt': True, 'decrypt': False, 'key': '00112233445566778899aabbccddeeff', 'input': 'document.pdf', 'output': 'document.pdf.cbc.enc', 'aad': None, 'nonce': None, 'command': None}
2025-12-19 12:38:11,416 - root - ERROR - CLI operation failed
2025-12-19 12:38:50,940 - root - INFO - ============================================================
2025-12-19 12:38:50,940 - root - INFO - CryptoCore System Started
2025-12-19 12:38:50,940 - root - INFO - Timestamp: 2025-12-19 12:38:50.940905
2025-12-19 12:38:50,940 - root - INFO - ============================================================
2025-12-19 12:38:50,941 - root - INFO - CryptoCore CLI started
2025-12-19 12:38:50,943 - root - INFO - CLI arguments: {'algorithm': 'aes', 'mode': 'cbc', 'encrypt': True, 'decrypt': False, 'key': '000102030405060708090a0b0c0d0e0f', 'input': 'plaintext.bin', 'output': 'cryptocore_cipher.bin', 'aad': None, 'nonce': None, 'command': None}
2025-12-19 12:38:50,943 - root - ERROR - CLI operation failed
2025-12-19 12:45:20,864 - root - INFO - ============================================================
2025-12-19 12:45:20,865 - root - INFO - CryptoCore System Started
2025-12-19 12:45:20,865 - root - INFO - Timestamp: 2025-12-19 12:45:20.865229
2025-12-19 12:45:20,865 - root - INFO - ============================================================
2025-12-19 12:45:20,865 - root - INFO - CryptoCore CLI started
2025-12-19 12:45:20,868 - root - INFO - CLI arguments: {'algorithm': 'aes', 'mode': 'ctr', 'encrypt': True, 'decrypt': False, 'key': '00112233445566778899aabbccddeeff', 'input': 'plaintext.txt', 'output': 'archive.zip.ctr.enc', 'aad': None, 'nonce': None, 'command': None}
2025-12-19 12:45:20,868 - root - INFO - Key info: {'length': 16, 'hex': '00112233445566778899aabbccddeeff', 'algorithm': 'AES', 'key_size': 128, 'mode': 'CTR', 'iv_used': True, 'iv': '8916b4518dd3a786b094bb1b1be04174'}
2025-12-19 12:45:20,868 - root - INFO - KEY GENERATION:
  length: 16
  hex: 00112233445566778899aabbccddeeff
  algorithm: AES
  key_size: 128
  mode: CTR
  iv_used: True
  iv: 8916b4518dd3a786b094bb1b1be04174

2025-12-19 12:45:20,868 - root - INFO - CipherCore initialized: mode=ctr, key_size=128 bits
2025-12-19 12:45:20,868 - root - INFO - Starting encryption: mode=ctr, data_size=5 bytes, key=0011223344556677...
2025-12-19 12:45:20,868 - root - INFO - CTR encryption started, nonce=8916b4518dd3a786b094bb1b1be04174
2025-12-19 12:45:20,870 - root - INFO - CTR encryption: nonce=8916b4518dd3a786b094bb1b1be04174
2025-12-19 12:45:20,870 - root - INFO - Encryption (ctr): 5 bytes processed in 0.00s (0.02 Mbps, 0.00 MB/s)
2025-12-19 12:45:20,870 - root - INFO - Encryption completed: 5 -> 21 bytes (overhead: 16 bytes)
2025-12-19 12:45:20,870 - root - INFO - CLI operation completed successfully
2025-12-19 14:03:46,245 - root - INFO - ============================================================
2025-12-19 14:03:46,245 - root - INFO - CryptoCore System Started
2025-12-19 14:03:46,245 - root - INFO - Timestamp: 2025-12-19 14:03:46.245521
2025-12-19 14:03:46,245 - root - INFO - ============================================================
2025-12-19 14:03:46,245 - root - INFO - CryptoCore CLI started with KDF support (Sprint 7)
2025-12-19 14:03:46,249 - root - INFO - CLI arguments: {'algorithm': 'pbkdf2', 'mode': None, 'encrypt': False, 'decrypt': False, 'key': None, 'input': None, 'output': None, 'aad': None, 'nonce': None, 'command': 'derive', 'password': '***', 'salt': '1234567890abcdef', 'iterations': 1000, 'length': 32, 'context': None, 'master_key': None}
2025-12-19 14:03:46,249 - root - INFO - Key derivation started: algorithm=pbkdf2, iterations=1000, length=32 bytes
2025-12-19 14:03:46,249 - root - INFO - Password length: 4 characters
2025-12-19 14:03:46,249 - root - INFO - Using provided salt: 8 bytes
2025-12-19 14:03:46,249 - root - INFO - Starting PBKDF2-HMAC-SHA256 derivation: password_len=4, salt_len=8, iterations=1000
2025-12-19 14:03:47,473 - root - INFO - PBKDF2 key derived successfully: key_length=32 bytes
2025-12-19 14:03:47,473 - root - INFO - Key derivation completed successfully
2025-12-19 14:03:47,473 - root - INFO - CLI operation completed successfully
2025-12-19 14:04:55,206 - root - INFO - ============================================================
2025-12-19 14:04:55,206 - root - INFO - CryptoCore System Started
2025-12-19 14:04:55,206 - root - INFO - Timestamp: 2025-12-19 14:04:55.206297
2025-12-19 14:04:55,206 - root - INFO - ============================================================
2025-12-19 14:04:55,206 - root - INFO - CryptoCore CLI started with KDF support (Sprint 7)
2025-12-19 14:04:55,209 - root - INFO - CLI arguments: {'algorithm': 'pbkdf2', 'mode': None, 'encrypt': False, 'decrypt': False, 'key': None, 'input': None, 'output': None, 'aad': None, 'nonce': None, 'command': 'derive', 'password': '***', 'salt': '1234567890abcdef', 'iterations': 1000, 'length': 32, 'context': None, 'master_key': None}
2025-12-19 14:04:55,209 - root - INFO - Key derivation started: algorithm=pbkdf2, iterations=1000, length=32 bytes
2025-12-19 14:04:55,210 - root - INFO - Password length: 4 characters
2025-12-19 14:04:55,210 - root - INFO - Using provided salt: 8 bytes
2025-12-19 14:04:55,210 - root - INFO - Starting PBKDF2-HMAC-SHA256 derivation: password_len=4, salt_len=8, iterations=1000
2025-12-19 14:04:56,427 - root - INFO - PBKDF2 key derived successfully: key_length=32 bytes
2025-12-19 14:04:56,427 - root - INFO - Key derivation completed successfully
2025-12-19 14:04:56,428 - root - INFO - CLI operation completed successfully
2025-12-19 14:49:55,136 - root - INFO - ============================================================
2025-12-19 14:49:55,136 - root - INFO - CryptoCore System Started
2025-12-19 14:49:55,136 - root - INFO - Timestamp: 2025-12-19 14:49:55.136635
2025-12-19 14:49:55,136 - root - INFO - ============================================================
2025-12-19 14:49:55,136 - root - INFO - CryptoCore CLI started with KDF support (Sprint 7)
2025-12-19 14:49:55,140 - root - INFO - CLI arguments: {'algorithm': 'pbkdf2', 'mode': None, 'encrypt': False, 'decrypt': False, 'key': None, 'input': None, 'output': None, 'aad': None, 'nonce': None, 'command': 'derive', 'password': '***', 'salt': '73616c74', 'iterations': 1, 'length': 20, 'context': None, 'master_key': None}
2025-12-19 14:49:55,140 - root - INFO - Key derivation started: algorithm=pbkdf2, iterations=1, length=20 bytes
2025-12-19 14:49:55,140 - root - INFO - Password length: 8 characters
2025-12-19 14:49:55,140 - root - INFO - Using provided salt: 4 bytes
2025-12-19 14:49:55,140 - root - INFO - Starting PBKDF2-HMAC-SHA256 derivation: password_len=8, salt_len=4, iterations=1
2025-12-19 14:49:55,140 - root - INFO - PBKDF2 key derived successfully: key_length=20 bytes
2025-12-19 14:49:55,140 - root - INFO - Key derivation completed successfully
2025-12-19 14:49:55,140 - root - INFO - CLI operation completed successfully
2025-12-19 16:39:54,667 - root - INFO - ============================================================
2025-12-19 16:39:54,667 - root - INFO - CryptoCore System Started
2025-12-19 16:39:54,667 - root - INFO - Timestamp: 2025-12-19 16:39:54.667431
2025-12-19 16:39:54,667 - root - INFO - ============================================================
2025-12-19 16:39:54,667 - root - INFO - CryptoCore CLI started with KDF support (Sprint 7)
2025-12-19 16:39:54,670 - root - INFO - CLI arguments: {'algorithm': 'pbkdf2', 'mode': None, 'encrypt': False, 'decrypt': False, 'key': None, 'input': None, 'output': None, 'aad': None, 'nonce': None, 'command': 'derive', 'password': '***', 'salt': '1234567890abcdef', 'iterations': 1000, 'length': 32, 'context': None, 'master_key': None}
2025-12-19 16:39:54,670 - root - INFO - Key derivation started: algorithm=pbkdf2, iterations=1000, length=32 bytes
2025-12-19 16:39:54,670 - root - INFO - Password length: 4 characters
2025-12-19 16:39:54,670 - root - INFO - Using provided salt: 8 bytes
2025-12-19 16:39:54,670 - root - INFO - Starting PBKDF2-HMAC-SHA256 derivation: password_len=4, salt_len=8, iterations=1000
2025-12-19 16:39:56,029 - root - INFO - PBKDF2 key derived successfully: key_length=32 bytes
2025-12-19 16:39:56,030 - root - INFO - Key derivation completed successfully
2025-12-19 16:39:56,030 - root - INFO - CLI operation completed successfully
2025-12-19 16:40:00,090 - root - INFO - ============================================================
2025-12-19 16:40:00,090 - root - INFO - CryptoCore System Started
2025-12-19 16:40:00,090 - root - INFO - Timestamp: 2025-12-19 16:40:00.090529
2025-12-19 16:40:00,090 - root - INFO - ============================================================
2025-12-19 16:40:00,090 - root - INFO - CryptoCore CLI started with KDF support (Sprint 7)
2025-12-19 16:40:00,093 - root - INFO - CLI arguments: {'algorithm': 'pbkdf2', 'mode': None, 'encrypt': False, 'decrypt': False, 'key': None, 'input': None, 'output': None, 'aad': None, 'nonce': None, 'command': 'derive', 'password': '***', 'salt': '1234567890abcdef', 'iterations': 1000, 'length': 32, 'context': None, 'master_key': None}
2025-12-19 16:40:00,094 - root - INFO - Key derivation started: algorithm=pbkdf2, iterations=1000, length=32 bytes
2025-12-19 16:40:00,094 - root - INFO - Password length: 4 characters
2025-12-19 16:40:00,094 - root - INFO - Using provided salt: 8 bytes
2025-12-19 16:40:00,094 - root - INFO - Starting PBKDF2-HMAC-SHA256 derivation: password_len=4, salt_len=8, iterations=1000
2025-12-19 16:40:01,407 - root - INFO - PBKDF2 key derived successfully: key_length=32 bytes
2025-12-19 16:40:01,407 - root - INFO - Key derivation completed successfully
2025-12-19 16:40:01,407 - root - INFO - CLI operation completed successfully
2025-12-19 16:40:32,605 - root - INFO - ============================================================
2025-12-19 16:40:32,605 - root - INFO - CryptoCore System Started
2025-12-19 16:40:32,605 - root - INFO - Timestamp: 2025-12-19 16:40:32.605783
2025-12-19 16:40:32,605 - root - INFO - ============================================================
2025-12-19 16:40:32,606 - root - INFO - CryptoCore CLI started with KDF support (Sprint 7)
2025-12-19 16:40:32,609 - root - INFO - CLI arguments: {'algorithm': 'pbkdf2', 'mode': None, 'encrypt': False, 'decrypt': False, 'key': None, 'input': None, 'output': None, 'aad': None, 'nonce': None, 'command': 'derive', 'password': '***', 'salt': None, 'iterations': 500000, 'length': 16, 'context': None, 'master_key': None}
2025-12-19 16:40:32,609 - root - INFO - Key derivation started: algorithm=pbkdf2, iterations=500000, length=16 bytes
2025-12-19 16:40:32,609 - root - INFO - Password length: 15 characters
2025-12-19 16:40:32,609 - root - INFO - Generated random salt: 16 bytes
2025-12-19 16:40:32,609 - root - INFO - Starting PBKDF2-HMAC-SHA256 derivation: password_len=15, salt_len=16, iterations=500000
2025-12-19 16:41:05,879 - root - INFO - ============================================================
2025-12-19 16:41:05,879 - root - INFO - CryptoCore System Started
2025-12-19 16:41:05,886 - root - INFO - Timestamp: 2025-12-19 16:41:05.886729
2025-12-19 16:41:05,886 - root - INFO - ============================================================
2025-12-19 16:41:05,886 - root - INFO - CryptoCore CLI started with KDF support (Sprint 7)
2025-12-19 16:41:05,890 - root - INFO - CLI arguments: {'algorithm': 'pbkdf2', 'mode': None, 'encrypt': False, 'decrypt': False, 'key': None, 'input': None, 'output': None, 'aad': None, 'nonce': None, 'command': 'derive', 'password': '***', 'salt': None, 'iterations': 5000, 'length': 16, 'context': None, 'master_key': None}
2025-12-19 16:41:05,890 - root - INFO - Key derivation started: algorithm=pbkdf2, iterations=5000, length=16 bytes
2025-12-19 16:41:05,890 - root - INFO - Password length: 15 characters
2025-12-19 16:41:05,890 - root - INFO - Generated random salt: 16 bytes
2025-12-19 16:41:05,890 - root - INFO - Starting PBKDF2-HMAC-SHA256 derivation: password_len=15, salt_len=16, iterations=5000
2025-12-19 16:41:11,738 - root - INFO - PBKDF2 key derived successfully: key_length=16 bytes
2025-12-19 16:41:11,738 - root - INFO - Key derivation completed successfully
2025-12-19 16:41:11,738 - root - INFO - CLI operation completed successfully
2025-12-19 16:42:23,693 - root - INFO - ============================================================
2025-12-19 16:42:23,693 - root - INFO - CryptoCore System Started
2025-12-19 16:42:23,693 - root - INFO - Timestamp: 2025-12-19 16:42:23.693884
2025-12-19 16:42:23,694 - root - INFO - ============================================================
2025-12-19 16:42:23,694 - root - INFO - CryptoCore CLI started with KDF support (Sprint 7)
2025-12-19 16:42:23,697 - root - INFO - CLI arguments: {'algorithm': 'pbkdf2', 'mode': None, 'encrypt': False, 'decrypt': False, 'key': None, 'input': None, 'output': 'app_master.key', 'aad': None, 'nonce': None, 'command': 'derive', 'password': '***', 'salt': None, 'iterations': 500000, 'length': 64, 'context': None, 'master_key': None}
2025-12-19 16:42:23,697 - root - INFO - Key derivation started: algorithm=pbkdf2, iterations=500000, length=64 bytes
2025-12-19 16:42:23,697 - root - INFO - Password length: 43 characters
2025-12-19 16:42:23,697 - root - INFO - Generated random salt: 16 bytes
2025-12-19 16:42:23,697 - root - INFO - Starting PBKDF2-HMAC-SHA256 derivation: password_len=43, salt_len=16, iterations=500000
2025-12-19 16:42:39,933 - root - INFO - ============================================================
2025-12-19 16:42:39,933 - root - INFO - CryptoCore System Started
2025-12-19 16:42:39,940 - root - INFO - Timestamp: 2025-12-19 16:42:39.940757
2025-12-19 16:42:39,940 - root - INFO - ============================================================
2025-12-19 16:42:39,940 - root - INFO - CryptoCore CLI started with KDF support (Sprint 7)
2025-12-19 16:42:39,944 - root - INFO - CLI arguments: {'algorithm': 'pbkdf2', 'mode': None, 'encrypt': False, 'decrypt': False, 'key': None, 'input': None, 'output': 'app_master.key', 'aad': None, 'nonce': None, 'command': 'derive', 'password': '***', 'salt': None, 'iterations': 500, 'length': 64, 'context': None, 'master_key': None}
2025-12-19 16:42:39,944 - root - INFO - Key derivation started: algorithm=pbkdf2, iterations=500, length=64 bytes
2025-12-19 16:42:39,944 - root - INFO - Password length: 43 characters
2025-12-19 16:42:39,944 - root - INFO - Generated random salt: 16 bytes
2025-12-19 16:42:39,944 - root - INFO - Starting PBKDF2-HMAC-SHA256 derivation: password_len=43, salt_len=16, iterations=500
2025-12-19 16:42:41,165 - root - INFO - PBKDF2 key derived successfully: key_length=64 bytes
2025-12-19 16:42:41,166 - root - INFO - Derived key written to file: app_master.key, size=64 bytes
2025-12-19 16:42:41,166 - root - INFO - Key SHA-256 (first 16 chars): 02d3b962935c3019
2025-12-19 16:42:41,166 - root - INFO - Key derivation completed successfully
2025-12-19 16:42:41,166 - root - INFO - CLI operation completed successfully
2025-12-19 16:42:53,037 - root - INFO - ============================================================
2025-12-19 16:42:53,037 - root - INFO - CryptoCore System Started
2025-12-19 16:42:53,037 - root - INFO - Timestamp: 2025-12-19 16:42:53.037418
2025-12-19 16:42:53,037 - root - INFO - ============================================================
2025-12-19 16:42:53,037 - root - INFO - CryptoCore CLI started with KDF support (Sprint 7)
2025-12-19 16:42:53,040 - root - INFO - CLI arguments: {'algorithm': 'pbkdf2', 'mode': None, 'encrypt': False, 'decrypt': False, 'key': None, 'input': None, 'output': 'app_master.key', 'aad': None, 'nonce': None, 'command': 'derive', 'password': '***', 'salt': None, 'iterations': 500, 'length': 64, 'context': None, 'master_key': None}
2025-12-19 16:42:53,040 - root - INFO - Key derivation started: algorithm=pbkdf2, iterations=500, length=64 bytes
2025-12-19 16:42:53,040 - root - INFO - Password length: 43 characters
2025-12-19 16:42:53,041 - root - INFO - Generated random salt: 16 bytes
2025-12-19 16:42:53,041 - root - INFO - Starting PBKDF2-HMAC-SHA256 derivation: password_len=43, salt_len=16, iterations=500
2025-12-19 16:42:54,289 - root - INFO - PBKDF2 key derived successfully: key_length=64 bytes
2025-12-19 16:42:54,289 - root - INFO - Derived key written to file: app_master.key, size=64 bytes
2025-12-19 16:42:54,289 - root - INFO - Key SHA-256 (first 16 chars): 284defea2c11ca49
2025-12-19 16:42:54,290 - root - INFO - Key derivation completed successfully
2025-12-19 16:42:54,290 - root - INFO - CLI operation completed successfully
2025-12-19 16:43:00,929 - root - INFO - ============================================================
2025-12-19 16:43:00,929 - root - INFO - CryptoCore System Started
2025-12-19 16:43:00,929 - root - INFO - Timestamp: 2025-12-19 16:43:00.929798
2025-12-19 16:43:00,929 - root - INFO - ============================================================
2025-12-19 16:43:00,929 - root - INFO - CryptoCore CLI started with KDF support (Sprint 7)
2025-12-19 16:43:00,933 - root - INFO - CLI arguments: {'algorithm': 'pbkdf2', 'mode': None, 'encrypt': False, 'decrypt': False, 'key': None, 'input': None, 'output': None, 'aad': None, 'nonce': None, 'command': 'derive', 'password': '***', 'salt': '1234567890abcdef', 'iterations': 1000, 'length': 32, 'context': None, 'master_key': None}
2025-12-19 16:43:00,933 - root - INFO - Key derivation started: algorithm=pbkdf2, iterations=1000, length=32 bytes
2025-12-19 16:43:00,933 - root - INFO - Password length: 4 characters
2025-12-19 16:43:00,933 - root - INFO - Using provided salt: 8 bytes
2025-12-19 16:43:00,933 - root - INFO - Starting PBKDF2-HMAC-SHA256 derivation: password_len=4, salt_len=8, iterations=1000
2025-12-19 16:43:02,628 - root - INFO - PBKDF2 key derived successfully: key_length=32 bytes
2025-12-19 16:43:02,628 - root - INFO - Key derivation completed successfully
2025-12-19 16:43:02,628 - root - INFO - CLI operation completed successfully
2025-12-19 16:45:19,356 - root - INFO - ============================================================
2025-12-19 16:45:19,356 - root - INFO - CryptoCore System Started
2025-12-19 16:45:19,356 - root - INFO - Timestamp: 2025-12-19 16:45:19.356553
2025-12-19 16:45:19,356 - root - INFO - ============================================================
2025-12-19 16:45:19,356 - root - INFO - CryptoCore CLI started with KDF support (Sprint 7)
2025-12-19 16:45:19,360 - root - INFO - CLI arguments: {'algorithm': 'pbkdf2', 'mode': None, 'encrypt': False, 'decrypt': False, 'key': None, 'input': None, 'output': None, 'aad': None, 'nonce': None, 'command': 'derive', 'password': '***', 'salt': 'a1b2c3d4e5f601234567890123456789', 'iterations': 100000, 'length': 32, 'context': None, 'master_key': None}
2025-12-19 16:45:19,361 - root - INFO - Key derivation started: algorithm=pbkdf2, iterations=100000, length=32 bytes
2025-12-19 16:45:19,361 - root - INFO - Password length: 20 characters
2025-12-19 16:45:19,361 - root - INFO - Using provided salt: 16 bytes
2025-12-19 16:45:19,361 - root - INFO - Starting PBKDF2-HMAC-SHA256 derivation: password_len=20, salt_len=16, iterations=100000
2025-12-19 16:45:46,348 - root - INFO - ============================================================
2025-12-19 16:45:46,348 - root - INFO - CryptoCore System Started
2025-12-19 16:45:46,348 - root - INFO - Timestamp: 2025-12-19 16:45:46.348957
2025-12-19 16:45:46,349 - root - INFO - ============================================================
2025-12-19 16:45:46,349 - root - INFO - CryptoCore CLI started with KDF support (Sprint 7)
2025-12-19 16:45:46,355 - root - INFO - CLI arguments: {'algorithm': 'pbkdf2', 'mode': None, 'encrypt': False, 'decrypt': False, 'key': None, 'input': None, 'output': None, 'aad': None, 'nonce': None, 'command': 'derive', 'password': '***', 'salt': 'a1b2c3d4e5f601234567890123456789', 'iterations': 1000, 'length': 32, 'context': None, 'master_key': None}
2025-12-19 16:45:46,355 - root - INFO - Key derivation started: algorithm=pbkdf2, iterations=1000, length=32 bytes
2025-12-19 16:45:46,355 - root - INFO - Password length: 20 characters
2025-12-19 16:45:46,355 - root - INFO - Using provided salt: 16 bytes
2025-12-19 16:45:46,355 - root - INFO - Starting PBKDF2-HMAC-SHA256 derivation: password_len=20, salt_len=16, iterations=1000
2025-12-19 16:45:47,633 - root - INFO - PBKDF2 key derived successfully: key_length=32 bytes
2025-12-19 16:45:47,633 - root - INFO - Key derivation completed successfully
2025-12-19 16:45:47,633 - root - INFO - CLI operation completed successfully
2025-12-19 16:47:19,367 - root - INFO - PBKDF2 key derived successfully: key_length=32 bytes
2025-12-19 16:47:19,367 - root - INFO - Key derivation completed successfully
2025-12-19 16:47:19,374 - root - INFO - CLI operation completed successfully
